// Jest Snapshot v1, https://goo.gl/fbAQLP

exports[`DataTable component renders correctly 1`] = `
<DocumentFragment>
  //         
  <div
    class="MuiBox-root css-mj2xxh"
    role="row12"
  >
    <div
      aria-colcount="8"
      aria-multiselectable="false"
      aria-rowcount="6"
      class="MuiDataGrid-root MuiDataGrid-root--densityStandard MuiDataGrid-withBorderColor css-1lymaxv-MuiDataGrid-root"
      role="grid"
    >
      <div
        class="MuiDataGrid-toolbarContainer css-128fb87-MuiDataGrid-toolbarContainer"
      >
        <button
          class="MuiButtonBase-root MuiButton-root MuiButton-contained MuiButton-containedInfo MuiButton-sizeMedium MuiButton-containedSizeMedium MuiButton-root MuiButton-contained MuiButton-containedInfo MuiButton-sizeMedium MuiButton-containedSizeMedium css-kjirbw-MuiButtonBase-root-MuiButton-root"
          data-testid="add-new1"
          tabindex="0"
          type="button"
        >
          <span
            class="MuiButton-startIcon MuiButton-iconSizeMedium css-1d6wzja-MuiButton-startIcon"
          >
            <svg
              aria-hidden="true"
              class="MuiSvgIcon-root MuiSvgIcon-fontSizeMedium css-i4bv87-MuiSvgIcon-root"
              data-testid="AddIcon"
              focusable="false"
              viewBox="0 0 24 24"
            >
              <path
                d="M19 13h-6v6h-2v-6H5v-2h6V5h2v6h6v2z"
              />
            </svg>
          </span>
          Add new
          <span
            class="MuiTouchRipple-root css-8je8zh-MuiTouchRipple-root"
          />
        </button>
      </div>
      <div
        class="MuiDataGrid-main css-204u17-MuiDataGrid-main"
      >
        <div
          class="MuiDataGrid-columnHeaders MuiDataGrid-withBorderColor css-1iyq7zh-MuiDataGrid-columnHeaders"
          style="min-height: 56px; max-height: 56px; line-height: 56px;"
        >
          <div
            class="MuiDataGrid-columnHeadersInner MuiDataGrid-columnHeadersInner--scrollable css-gl260s-MuiDataGrid-columnHeadersInner"
            role="rowgroup"
            style="transform: translate3d(0px, 0px, 0px);"
          >
            <div
              aria-rowindex="1"
              class="css-yrdy0g-MuiDataGrid-columnHeaderRow"
              role="row"
            >
              <div
                aria-colindex="1"
                aria-label="ID"
                aria-sort="none"
                class="MuiDataGrid-columnHeader MuiDataGrid-columnHeader--sortable MuiDataGrid-withBorderColor"
                data-field="id"
                role="columnheader"
                style="height: 56px; width: 180px; min-width: 180px; max-width: 180px;"
                tabindex="0"
              >
                <div
                  class="MuiDataGrid-columnHeaderDraggableContainer"
                  draggable="false"
                >
                  <div
                    class="MuiDataGrid-columnHeaderTitleContainer"
                  >
                    <div
                      class="MuiDataGrid-columnHeaderTitleContainerContent"
                    >
                      <div
                        aria-label=""
                        class="MuiDataGrid-columnHeaderTitle css-t89xny-MuiDataGrid-columnHeaderTitle"
                        data-mui-internal-clone-element="true"
                      >
                        ID
                      </div>
                    </div>
                    <div
                      class="MuiDataGrid-iconButtonContainer css-ltf0zy-MuiDataGrid-iconButtonContainer"
                    >
                      <button
                        aria-label="Sort"
                        class="MuiButtonBase-root MuiIconButton-root MuiIconButton-sizeSmall css-1pe4mpk-MuiButtonBase-root-MuiIconButton-root"
                        tabindex="-1"
                        title="Sort"
                        type="button"
                      >
                        <svg
                          aria-hidden="true"
                          class="MuiSvgIcon-root MuiSvgIcon-fontSizeSmall MuiDataGrid-sortIcon css-ptiqhd-MuiSvgIcon-root"
                          data-testid="ArrowUpwardIcon"
                          focusable="false"
                          viewBox="0 0 24 24"
                        >
                          <path
                            d="M4 12l1.41 1.41L11 7.83V20h2V7.83l5.58 5.59L20 12l-8-8-8 8z"
                          />
                        </svg>
                        <span
                          class="MuiTouchRipple-root css-8je8zh-MuiTouchRipple-root"
                        />
                      </button>
                    </div>
                  </div>
                  <div
                    class="MuiDataGrid-menuIcon"
                  >
                    <button
                      aria-expanded="false"
                      aria-haspopup="menu"
                      aria-label="Menu"
                      class="MuiButtonBase-root MuiIconButton-root MuiIconButton-sizeSmall MuiDataGrid-menuIconButton css-1pe4mpk-MuiButtonBase-root-MuiIconButton-root"
                      data-mui-internal-clone-element="true"
                      id=":r3:"
                      tabindex="-1"
                      type="button"
                    >
                      <svg
                        aria-hidden="true"
                        class="MuiSvgIcon-root MuiSvgIcon-fontSizeSmall css-ptiqhd-MuiSvgIcon-root"
                        data-testid="TripleDotsVerticalIcon"
                        focusable="false"
                        viewBox="0 0 24 24"
                      >
                        <path
                          d="M12 8c1.1 0 2-.9 2-2s-.9-2-2-2-2 .9-2 2 .9 2 2 2zm0 2c-1.1 0-2 .9-2 2s.9 2 2 2 2-.9 2-2-.9-2-2-2zm0 6c-1.1 0-2 .9-2 2s.9 2 2 2 2-.9 2-2-.9-2-2-2z"
                        />
                      </svg>
                      <span
                        class="MuiTouchRipple-root css-8je8zh-MuiTouchRipple-root"
                      />
                    </button>
                  </div>
                </div>
                <div
                  class="MuiDataGrid-columnSeparator MuiDataGrid-columnSeparator--sideRight"
                  style="min-height: 56px; opacity: 1;"
                >
                  <svg
                    aria-hidden="true"
                    class="MuiSvgIcon-root MuiSvgIcon-fontSizeMedium MuiDataGrid-iconSeparator css-i4bv87-MuiSvgIcon-root"
                    data-testid="SeparatorIcon"
                    focusable="false"
                    viewBox="0 0 24 24"
                  >
                    <path
                      d="M11 19V5h2v14z"
                    />
                  </svg>
                </div>
              </div>
              <div
                aria-colindex="2"
                aria-label="Name"
                aria-sort="none"
                class="MuiDataGrid-columnHeader MuiDataGrid-columnHeader--sortable MuiDataGrid-withBorderColor"
                data-field="name"
                role="columnheader"
                style="height: 56px; width: 180px; min-width: 180px; max-width: 180px;"
                tabindex="-1"
              >
                <div
                  class="MuiDataGrid-columnHeaderDraggableContainer"
                  draggable="false"
                >
                  <div
                    class="MuiDataGrid-columnHeaderTitleContainer"
                  >
                    <div
                      class="MuiDataGrid-columnHeaderTitleContainerContent"
                    >
                      <div
                        aria-label=""
                        class="MuiDataGrid-columnHeaderTitle css-t89xny-MuiDataGrid-columnHeaderTitle"
                        data-mui-internal-clone-element="true"
                      >
                        Name
                      </div>
                    </div>
                    <div
                      class="MuiDataGrid-iconButtonContainer css-ltf0zy-MuiDataGrid-iconButtonContainer"
                    >
                      <button
                        aria-label="Sort"
                        class="MuiButtonBase-root MuiIconButton-root MuiIconButton-sizeSmall css-1pe4mpk-MuiButtonBase-root-MuiIconButton-root"
                        tabindex="-1"
                        title="Sort"
                        type="button"
                      >
                        <svg
                          aria-hidden="true"
                          class="MuiSvgIcon-root MuiSvgIcon-fontSizeSmall MuiDataGrid-sortIcon css-ptiqhd-MuiSvgIcon-root"
                          data-testid="ArrowUpwardIcon"
                          focusable="false"
                          viewBox="0 0 24 24"
                        >
                          <path
                            d="M4 12l1.41 1.41L11 7.83V20h2V7.83l5.58 5.59L20 12l-8-8-8 8z"
                          />
                        </svg>
                        <span
                          class="MuiTouchRipple-root css-8je8zh-MuiTouchRipple-root"
                        />
                      </button>
                    </div>
                  </div>
                  <div
                    class="MuiDataGrid-menuIcon"
                  >
                    <button
                      aria-expanded="false"
                      aria-haspopup="menu"
                      aria-label="Menu"
                      class="MuiButtonBase-root MuiIconButton-root MuiIconButton-sizeSmall MuiDataGrid-menuIconButton css-1pe4mpk-MuiButtonBase-root-MuiIconButton-root"
                      data-mui-internal-clone-element="true"
                      id=":r9:"
                      tabindex="-1"
                      type="button"
                    >
                      <svg
                        aria-hidden="true"
                        class="MuiSvgIcon-root MuiSvgIcon-fontSizeSmall css-ptiqhd-MuiSvgIcon-root"
                        data-testid="TripleDotsVerticalIcon"
                        focusable="false"
                        viewBox="0 0 24 24"
                      >
                        <path
                          d="M12 8c1.1 0 2-.9 2-2s-.9-2-2-2-2 .9-2 2 .9 2 2 2zm0 2c-1.1 0-2 .9-2 2s.9 2 2 2 2-.9 2-2-.9-2-2-2zm0 6c-1.1 0-2 .9-2 2s.9 2 2 2 2-.9 2-2-.9-2-2-2z"
                        />
                      </svg>
                      <span
                        class="MuiTouchRipple-root css-8je8zh-MuiTouchRipple-root"
                      />
                    </button>
                  </div>
                </div>
                <div
                  class="MuiDataGrid-columnSeparator MuiDataGrid-columnSeparator--sideRight"
                  style="min-height: 56px; opacity: 1;"
                >
                  <svg
                    aria-hidden="true"
                    class="MuiSvgIcon-root MuiSvgIcon-fontSizeMedium MuiDataGrid-iconSeparator css-i4bv87-MuiSvgIcon-root"
                    data-testid="SeparatorIcon"
                    focusable="false"
                    viewBox="0 0 24 24"
                  >
                    <path
                      d="M11 19V5h2v14z"
                    />
                  </svg>
                </div>
              </div>
              <div
                aria-colindex="3"
                aria-label="Gender"
                aria-sort="none"
                class="MuiDataGrid-columnHeader MuiDataGrid-columnHeader--sortable MuiDataGrid-withBorderColor"
                data-field="gender"
                role="columnheader"
                style="height: 56px; width: 220px; min-width: 220px; max-width: 220px;"
                tabindex="-1"
              >
                <div
                  class="MuiDataGrid-columnHeaderDraggableContainer"
                  draggable="false"
                >
                  <div
                    class="MuiDataGrid-columnHeaderTitleContainer"
                  >
                    <div
                      class="MuiDataGrid-columnHeaderTitleContainerContent"
                    >
                      <div
                        aria-label=""
                        class="MuiDataGrid-columnHeaderTitle css-t89xny-MuiDataGrid-columnHeaderTitle"
                        data-mui-internal-clone-element="true"
                      >
                        Gender
                      </div>
                    </div>
                    <div
                      class="MuiDataGrid-iconButtonContainer css-ltf0zy-MuiDataGrid-iconButtonContainer"
                    >
                      <button
                        aria-label="Sort"
                        class="MuiButtonBase-root MuiIconButton-root MuiIconButton-sizeSmall css-1pe4mpk-MuiButtonBase-root-MuiIconButton-root"
                        tabindex="-1"
                        title="Sort"
                        type="button"
                      >
                        <svg
                          aria-hidden="true"
                          class="MuiSvgIcon-root MuiSvgIcon-fontSizeSmall MuiDataGrid-sortIcon css-ptiqhd-MuiSvgIcon-root"
                          data-testid="ArrowUpwardIcon"
                          focusable="false"
                          viewBox="0 0 24 24"
                        >
                          <path
                            d="M4 12l1.41 1.41L11 7.83V20h2V7.83l5.58 5.59L20 12l-8-8-8 8z"
                          />
                        </svg>
                        <span
                          class="MuiTouchRipple-root css-8je8zh-MuiTouchRipple-root"
                        />
                      </button>
                    </div>
                  </div>
                  <div
                    class="MuiDataGrid-menuIcon"
                  >
                    <button
                      aria-expanded="false"
                      aria-haspopup="menu"
                      aria-label="Menu"
                      class="MuiButtonBase-root MuiIconButton-root MuiIconButton-sizeSmall MuiDataGrid-menuIconButton css-1pe4mpk-MuiButtonBase-root-MuiIconButton-root"
                      data-mui-internal-clone-element="true"
                      id=":rf:"
                      tabindex="-1"
                      type="button"
                    >
                      <svg
                        aria-hidden="true"
                        class="MuiSvgIcon-root MuiSvgIcon-fontSizeSmall css-ptiqhd-MuiSvgIcon-root"
                        data-testid="TripleDotsVerticalIcon"
                        focusable="false"
                        viewBox="0 0 24 24"
                      >
                        <path
                          d="M12 8c1.1 0 2-.9 2-2s-.9-2-2-2-2 .9-2 2 .9 2 2 2zm0 2c-1.1 0-2 .9-2 2s.9 2 2 2 2-.9 2-2-.9-2-2-2zm0 6c-1.1 0-2 .9-2 2s.9 2 2 2 2-.9 2-2-.9-2-2-2z"
                        />
                      </svg>
                      <span
                        class="MuiTouchRipple-root css-8je8zh-MuiTouchRipple-root"
                      />
                    </button>
                  </div>
                </div>
                <div
                  class="MuiDataGrid-columnSeparator MuiDataGrid-columnSeparator--sideRight"
                  style="min-height: 56px; opacity: 1;"
                >
                  <svg
                    aria-hidden="true"
                    class="MuiSvgIcon-root MuiSvgIcon-fontSizeMedium MuiDataGrid-iconSeparator css-i4bv87-MuiSvgIcon-root"
                    data-testid="SeparatorIcon"
                    focusable="false"
                    viewBox="0 0 24 24"
                  >
                    <path
                      d="M11 19V5h2v14z"
                    />
                  </svg>
                </div>
              </div>
            </div>
          </div>
        </div>
        <div
          class="MuiDataGrid-virtualScroller css-axafay-MuiDataGrid-virtualScroller"
          style="overflow-x: hidden;"
        >
          <div
            class="MuiDataGrid-virtualScrollerContent MuiDataGrid-virtualScrollerContent--overflowed css-1kwdphh-MuiDataGrid-virtualScrollerContent"
            style="width: auto; height: 260px; min-height: auto;"
          >
            <div
              class="MuiDataGrid-virtualScrollerRenderZone css-s1v7zr-MuiDataGrid-virtualScrollerRenderZone"
              style="transform: translate3d(0px, 0px, 0px);"
            >
              <div
                aria-rowindex="2"
                aria-selected="false"
                class="MuiDataGrid-row MuiDataGrid-row--editable"
                data-id="59582831"
                data-rowindex="0"
                role="row"
                style="max-height: 52px; min-height: 52px;"
              >
                <div
                  aria-colindex="1"
                  aria-colspan="1"
                  class="MuiDataGrid-cell MuiDataGrid-cell--textLeft MuiDataGrid-withBorderColor"
                  data-colindex="0"
                  data-field="id"
                  role="cell"
                  style="min-width: 180px; max-width: 180px; min-height: 52px; max-height: 52px;"
                  tabindex="-1"
                >
                  <div
                    class="MuiDataGrid-cellContent"
                    title="59582831"
                  >
                    59582831
                  </div>
                </div>
                <div
                  aria-colindex="2"
                  aria-colspan="1"
                  class="MuiDataGrid-cell MuiDataGrid-cell--textLeft MuiDataGrid-cell--editable MuiDataGrid-withBorderColor"
                  data-colindex="1"
                  data-field="name"
                  role="cell"
                  style="min-width: 180px; max-width: 180px; min-height: 52px; max-height: 52px;"
                  tabindex="-1"
                >
                  <div
                    class="MuiDataGrid-cellContent"
                    title="sadun"
                  >
                    sadun
                  </div>
                </div>
                <div
                  aria-colindex="3"
                  aria-colspan="1"
                  class="MuiDataGrid-cell MuiDataGrid-cell--textLeft MuiDataGrid-cell--editable MuiDataGrid-withBorderColor"
                  data-colindex="2"
                  data-field="gender"
                  role="cell"
                  style="min-width: 220px; max-width: 220px; min-height: 52px; max-height: 52px;"
                  tabindex="-1"
                >
                  <div
                    class="MuiDataGrid-cellContent"
                    title="Male"
                  >
                    Male
                  </div>
                </div>
              </div>
              <div
                aria-rowindex="3"
                aria-selected="false"
                class="MuiDataGrid-row MuiDataGrid-row--editable"
                data-id="39223038"
                data-rowindex="1"
                role="row"
                style="max-height: 52px; min-height: 52px;"
              >
                <div
                  aria-colindex="1"
                  aria-colspan="1"
                  class="MuiDataGrid-cell MuiDataGrid-cell--textLeft MuiDataGrid-withBorderColor"
                  data-colindex="0"
                  data-field="id"
                  role="cell"
                  style="min-width: 180px; max-width: 180px; min-height: 52px; max-height: 52px;"
                  tabindex="-1"
                >
                  <div
                    class="MuiDataGrid-cellContent"
                    title="39223038"
                  >
                    39223038
                  </div>
                </div>
                <div
                  aria-colindex="2"
                  aria-colspan="1"
                  class="MuiDataGrid-cell MuiDataGrid-cell--textLeft MuiDataGrid-cell--editable MuiDataGrid-withBorderColor"
                  data-colindex="1"
                  data-field="name"
                  role="cell"
                  style="min-width: 180px; max-width: 180px; min-height: 52px; max-height: 52px;"
                  tabindex="-1"
                >
                  <div
                    class="MuiDataGrid-cellContent"
                    title="sadun"
                  >
                    sadun
                  </div>
                </div>
                <div
                  aria-colindex="3"
                  aria-colspan="1"
                  class="MuiDataGrid-cell MuiDataGrid-cell--textLeft MuiDataGrid-cell--editable MuiDataGrid-withBorderColor"
                  data-colindex="2"
                  data-field="gender"
                  role="cell"
                  style="min-width: 220px; max-width: 220px; min-height: 52px; max-height: 52px;"
                  tabindex="-1"
                >
                  <div
                    class="MuiDataGrid-cellContent"
                    title="Male"
                  >
                    Male
                  </div>
                </div>
              </div>
              <div
                aria-rowindex="4"
                aria-selected="false"
                class="MuiDataGrid-row MuiDataGrid-row--editable"
                data-id="74228003"
                data-rowindex="2"
                role="row"
                style="max-height: 52px; min-height: 52px;"
              >
                <div
                  aria-colindex="1"
                  aria-colspan="1"
                  class="MuiDataGrid-cell MuiDataGrid-cell--textLeft MuiDataGrid-withBorderColor"
                  data-colindex="0"
                  data-field="id"
                  role="cell"
                  style="min-width: 180px; max-width: 180px; min-height: 52px; max-height: 52px;"
                  tabindex="-1"
                >
                  <div
                    class="MuiDataGrid-cellContent"
                    title="74228003"
                  >
                    74228003
                  </div>
                </div>
                <div
                  aria-colindex="2"
                  aria-colspan="1"
                  class="MuiDataGrid-cell MuiDataGrid-cell--textLeft MuiDataGrid-cell--editable MuiDataGrid-withBorderColor"
                  data-colindex="1"
                  data-field="name"
                  role="cell"
                  style="min-width: 180px; max-width: 180px; min-height: 52px; max-height: 52px;"
                  tabindex="-1"
                >
                  <div
                    class="MuiDataGrid-cellContent"
                    title="sadun"
                  >
                    sadun
                  </div>
                </div>
                <div
                  aria-colindex="3"
                  aria-colspan="1"
                  class="MuiDataGrid-cell MuiDataGrid-cell--textLeft MuiDataGrid-cell--editable MuiDataGrid-withBorderColor"
                  data-colindex="2"
                  data-field="gender"
                  role="cell"
                  style="min-width: 220px; max-width: 220px; min-height: 52px; max-height: 52px;"
                  tabindex="-1"
                >
                  <div
                    class="MuiDataGrid-cellContent"
                    title="Male"
                  >
                    Male
                  </div>
                </div>
              </div>
            </div>
          </div>
        </div>
      </div>
      <div
        class="MuiDataGrid-footerContainer MuiDataGrid-withBorderColor css-wop1k0-MuiDataGrid-footerContainer"
      >
        <div />
        <div
          class="MuiTablePagination-root css-rtrcn9-MuiTablePagination-root"
        >
          <div
            class="MuiToolbar-root MuiToolbar-gutters MuiToolbar-regular MuiTablePagination-toolbar css-78c6dr-MuiToolbar-root-MuiTablePagination-toolbar"
          >
            <div
              class="MuiTablePagination-spacer css-1psng7p-MuiTablePagination-spacer"
            />
            <p
              class="MuiTablePagination-selectLabel css-pdct74-MuiTablePagination-selectLabel"
              id=":r1:"
            >
              Rows per page:
            </p>
            <div
              class="MuiInputBase-root MuiInputBase-colorPrimary css-16c50h-MuiInputBase-root-MuiTablePagination-select"
            >
              <div
                aria-expanded="false"
                aria-haspopup="listbox"
                aria-labelledby=":r1: :r0:"
                class="MuiSelect-select MuiTablePagination-select MuiSelect-standard MuiInputBase-input css-194a1fa-MuiSelect-select-MuiInputBase-input"
                id=":r0:"
                role="button"
                tabindex="0"
              >
                100
              </div>
              <input
                aria-hidden="true"
                aria-invalid="false"
                class="MuiSelect-nativeInput css-yf8vq0-MuiSelect-nativeInput"
                tabindex="-1"
                value="100"
              />
              <svg
                aria-hidden="true"
                class="MuiSvgIcon-root MuiSvgIcon-fontSizeMedium MuiSelect-icon MuiTablePagination-selectIcon MuiSelect-iconStandard css-pqjvzy-MuiSvgIcon-root-MuiSelect-icon"
                data-testid="ArrowDropDownIcon"
                focusable="false"
                viewBox="0 0 24 24"
              >
                <path
                  d="M7 10l5 5 5-5z"
                />
              </svg>
            </div>
            <p
              class="MuiTablePagination-displayedRows css-levciy-MuiTablePagination-displayedRows"
            >
              1–5 of 5
            </p>
            <div
              class="MuiTablePagination-actions"
            >
              <button
                aria-label="Go to previous page"
                class="MuiButtonBase-root Mui-disabled MuiIconButton-root Mui-disabled MuiIconButton-colorInherit MuiIconButton-sizeMedium css-zylse7-MuiButtonBase-root-MuiIconButton-root"
                disabled=""
                tabindex="-1"
                title="Go to previous page"
                type="button"
              >
                <svg
                  aria-hidden="true"
                  class="MuiSvgIcon-root MuiSvgIcon-fontSizeMedium css-i4bv87-MuiSvgIcon-root"
                  data-testid="KeyboardArrowLeftIcon"
                  focusable="false"
                  viewBox="0 0 24 24"
                >
                  <path
                    d="M15.41 16.09l-4.58-4.59 4.58-4.59L14 5.5l-6 6 6 6z"
                  />
                </svg>
              </button>
              <button
                aria-label="Go to next page"
                class="MuiButtonBase-root Mui-disabled MuiIconButton-root Mui-disabled MuiIconButton-colorInherit MuiIconButton-sizeMedium css-zylse7-MuiButtonBase-root-MuiIconButton-root"
                disabled=""
                tabindex="-1"
                title="Go to next page"
                type="button"
              >
                <svg
                  aria-hidden="true"
                  class="MuiSvgIcon-root MuiSvgIcon-fontSizeMedium css-i4bv87-MuiSvgIcon-root"
                  data-testid="KeyboardArrowRightIcon"
                  focusable="false"
                  viewBox="0 0 24 24"
                >
                  <path
                    d="M8.59 16.34l4.58-4.59-4.58-4.59L10 5.75l6 6-6 6z"
                  />
                </svg>
              </button>
            </div>
          </div>
        </div>
      </div>
    </div>
  </div>
  //       
</DocumentFragment>
`;
